
> rest-emulator@0.1.3 test /w/wk-3be2d4d36bb0/src
> gulp test

[23:41:48] Using gulpfile [35m/w/wk-3be2d4d36bb0/src/gulpfile.js[39m
[23:41:48] Starting '[36mtest[39m'...
[32m.[0m[32m.[0m[31mF[0m[31mF[0m[32m.[0m[32m.[0m[32m.[0m[32m.[0m[32m.[0m[32m.[0m[32m.[0m[32m.[0m[32m.[0m[32m.[0m[32m.[0m[32m.[0m[32m.[0m[32m.[0m[32m.[0m[32m.[0m[32m.[0m[32m.[0m[32m.[0m[32m.[0m[32m.[0m[32m.[0m[32m.[0m[32m.[0m
Failures: 
1) Merge module. Merge config. One url. Merge clashes presets.
1.1) [31mExpected $['/api/test'].GET.info.data not to have properties
    info: 'info'[0m

2) Merge module. Merge config. Many urls. Merge correct and incorrect presets.
2.1) [31mExpected $['/api/test2'].DELETE.info.data.success = false to equal true.
Expected $['/api/test2'].DELETE.info.code = 405 to equal 200.[0m

28 specs, 2 failures
Finished in 0 seconds

events.js:174
      throw er; // Unhandled 'error' event
      ^
Error: Tests failed
npm ERR! Test failed.  See above for more details.
STATE-NEW rc=1
