
> lambda-local@1.7.4 build
> tsc


> lambda-local@1.7.4 test
> mocha



Invalid logger object ! Using default logger
Invalid logger object ! Using default logger
  - Testing utils.js
    * getAbsolutePath
      ✓ should return existing path file
    * generateRandomHex
      ✓ should not return twice the same value

  - Testing lambdalocal.js Logger
    * Use winston logger
      ✓ should correctly load Logger
    * Use invalid logger (object)
      ✓ should ignore call
    * Use null logger
      ✓ should ignore call

  - Testing lambdalocal.js
    * Basic Run
warning Using both auth systems: aws_access_key/id and secret_access_token !
      # Environment Variables
        ✓ should have automatic env built correctly
        ✓ should return correct environment variables
        ✓ should not have overwritten already-existing env vars
      # LambdaLocal
        ✓ should return correct testvar
      # Context object
        ✓ should contain initialized functionName
        ✓ should contain initialized awsRequestId
        ✓ should contain initialized getRemainingTimeInMillis
        ✓ should contain initialized invokedFunctionArn
        ✓ should contain done function
        ✓ should contain succeed function
        ✓ should contain fail function
        ✓ should contain clientContext
      # Environment Variables (destroy)
warning Using both auth systems: aws_access_key/id and secret_access_token !
        ✓ environment should have been deleted
        ✓ should contain an awsRequestId different from the first one
      # AWS credentials
        ✓ should return correct credentials
      * Mocked function
        # LambdaLocal
          ✓ should return mocked value
      * Test timeout
[31merror[39m: {
	"errorMessage": "Task timed out after 0.50 seconds",
	"errorType": "TimeoutError",
	"stackTrace": [
		"new TimeoutError (/w/build/lib/utils.js:112:28)",
		"Context.<anonymous> (/w/build/lib/context.js:110:19)",
		"listOnTimeout (node:internal/timers:559:17)",
		"processTimers (node:internal/timers:502:7)"
	]
}
        ✓ should throw TimeoutError (503ms)
      * Test aws-sdk import
        ✓ should return an aws-sdk version >= 2 (125ms)
      * Return Error object
[31merror[39m: {
	"errorMessage": "Failed for an unknown reason !",
	"errorType": "Error",
	"stackTrace": [
		"Object.exports.handler (/w/test/functs/test-func-cb-error.js:5:14)",
		"Object._executeSync (/w/build/lambdalocal.js:286:47)",
		"Object.execute (/w/build/lambdalocal.js:83:22)",
		"Context.<anonymous> (/w/test/test.js:296:29)",
		"callFnAsync (/w/node_modules/mocha/lib/runnable.js:402:21)",
		"Test.Runnable.run (/w/node_modules/mocha/lib/runnable.js:342:7)",
		"Runner.runTest (/w/node_modules/mocha/lib/runner.js:619:10)",
		"/w/node_modules/mocha/lib/runner.js:745:12",
		"next (/w/node_modules/mocha/lib/runner.js:536:14)",
		"/w/node_modules/mocha/lib/runner.js:546:7",
		"next (/w/node_modules/mocha/lib/runner.js:448:14)",
		"Immediate._onImmediate (/w/node_modules/mocha/lib/runner.js:514:5)",
		"processImmediate (node:internal/timers:466:21)"
	]
}
        ✓ should convert it to correct JSON format
    * Nested Run
      ✓ Should handle nested calls properly (context singleton)
    * Promised Run
      ✓ should return correct values as promise
      ✓ should be stateless
    * Async Run
      ✓ should understand direct return in async functions
      ✓ should understand Promise return in functions
[31merror[39m: Failed
      ✓ should understand Promise rejection in functions

  - Testing cli.js
    * Basic Run
[32minfo[39m: START RequestId: f55e5815-be93-0692-51e7-0866f6ea80c0
[32minfo[39m: End - Result:
[32minfo[39m: {
	"result": "testvar",
	"context": {
		"callbackWaitsForEmptyEventLoop": false,
		"functionName": "handler",
		"functionVersion": "1.0",
		"invokedFunctionArn": "arn:aws:lambda:not-us-east:27505731269:function:handler:1.0",
		"memoryLimitInMB": 59442,
		"awsRequestId": "f55e5815-be93-0692-51e7-0866f6ea80c0",
		"logGroupName": "Group name",
		"logStreamName": "Stream name",
		"identity": null,
		"clientContext": null,
		"_stopped": false
	}
}


      ✓ should end normally (148ms)
[32minfo[39m: START RequestId: 1c82b90b-c1ff-e7e8-3f28-a903b894bd86
[32minfo[39m: End - Result:
[32minfo[39m: 


      ✓ should end normally: callback null (151ms)
[32minfo[39m: START RequestId: af95ef3d-25a7-d77c-d525-f839a7db79e9
[32minfo[39m: End - Result:
[32minfo[39m: 


      ✓ should end normally: callback undefined (139ms)
    * Failing Run
[32minfo[39m: START RequestId: a6d2478e-8e22-3b00-24b7-29ca545319f4
[31merror[39m: End - Error:
[31merror[39m: Failed !

      ✓ should fail: context (150ms)
[32minfo[39m: START RequestId: 13029a7c-9b97-15f2-17b5-4f35ee57869d
[31merror[39m: End - Error:
[31merror[39m: Failed !

      ✓ should fail: callback string (158ms)
[32minfo[39m: START RequestId: 4f164f24-78e0-bded-76bc-a8eaefe56a77
[31merror[39m: End - Error:
[31merror[39m: 

      ✓ should fail: callback empty string (132ms)
[32minfo[39m: START RequestId: 3e8f0ced-93ef-82b5-58a3-0ffec4d4487d
[31merror[39m: End - Error:
[31merror[39m: false

      ✓ should fail: callback false (151ms)
[32minfo[39m: START RequestId: 03411b1c-a632-ebd3-9b92-ca85eb63b389
[31merror[39m: End - Error:
[31merror[39m: 0

      ✓ should fail: callback 0 (135ms)
[32minfo[39m: START RequestId: 800b23e2-99d0-6e8b-b9e2-2a16bfb0378b
[31merror[39m: End - Error:
[31merror[39m: {
	"errorMessage": "Unexpected token '}'",
	"errorType": "SyntaxError",
	"stackTrace": [
		"",
		"",
		"",
		"taxError: Unexpected token '}'",
		"Object.compileFunction (node:vm:360:18)",
		"wrapSafe (node:internal/modules/cjs/loader:1126:15)",
		"Module._compile (node:internal/modules/cjs/loader:1162:27)",
		"Object.Module._extensions..js (node:internal/modules/cjs/loader:1252:10)",
		"Module.load (node:internal/modules/cjs/loader:1076:32)",
		"Function.Module._load (node:internal/modules/cjs/loader:911:12)",
		"Module.require (node:internal/modules/cjs/loader:1100:19)",
		"require (node:internal/modules/cjs/helpers:119:18)",
		"Object._executeSync (/w/build/lambdalocal.js:277:26)",
		"Object.execute (/w/build/lambdalocal.js:83:22)"
	]
}

      ✓ should fail: syntax error (148ms)
[32minfo[39m: START RequestId: a0843b0a-2706-1abf-566f-d7106214fa85
[31merror[39m: End - Error:
[31merror[39m: {
	"errorMessage": "Cannot find module 'doNotExist'\nRequire stack:\n- /w/test/functs/test-func-require-error.js\n- /w/build/lambdalocal.js\n- /w/build/cli.js",
	"errorType": "Error",
	"stackTrace": [
		"uire stack:",
		"w/test/functs/test-func-require-error.js",
		"w/build/lambdalocal.js",
		"w/build/cli.js",
		"Function.Module._resolveFilename (node:internal/modules/cjs/loader:1028:15)",
		"Function.Module._load (node:internal/modules/cjs/loader:873:27)",
		"Module.require (node:internal/modules/cjs/loader:1100:19)",
		"require (node:internal/modules/cjs/helpers:119:18)",
		"Object.<anonymous> (/w/test/functs/test-func-require-error.js:4:14)",
		"Module._compile (node:internal/modules/cjs/loader:1198:14)",
		"Object.Module._extensions..js (node:internal/modules/cjs/loader:1252:10)",
		"Module.load (node:internal/modules/cjs/loader:1076:32)",
		"Function.Module._load (node:internal/modules/cjs/loader:911:12)",
		"Module.require (node:internal/modules/cjs/loader:1100:19)"
	]
}

      ✓ should fail: require error (120ms)
    * Environment test run
[32minfo[39m: {
	"res": "potato-device-97"
}
[32minfo[39m: Lambda successfully executed in 11ms.

      ✓ event should have used ENV while building (124ms)
    * Crashing run
      ✓ should fail (140ms)
    * Timeout Run

      ✓ should end arbruptly (1130ms)
    * Not stringifyable run
      ✓ should fallback on util.inspect (123ms)
    * Verbose test
      ✓ should have no output (108ms)
    * Test --wait-empty-event-loop
      ✓ should wait for all timeouts to end (1094ms)
    * Test --version
      ✓ should match the current latest version (80ms)


  47 passing (5s)

STATE-FIXED rc=0
