
> rollup-plugin-svg-sprite-loader@0.0.4 test
> jest

  console.warn
    @rollup/plugin-typescript TS2322: Type '(Partial<T>[Extract<keyof T, string>] & object) | (Partial<T>[Extract<keyof T, string>] & null)' is not assignable to type 'T[Extract<keyof T, string>] | undefined'.
      Type 'Partial<T>[Extract<keyof T, string>] & object' is not assignable to type 'T[Extract<keyof T, string>] | undefined'.

      12 |
      13 | async function buildSprite(pluginOptions?: PluginOptions, inputOptions?: InputOptions) {
    > 14 |   const { write } = await rollup({
         |                     ^
      15 |     input: "./emptyInput.ts",
      16 |     plugins: [
      17 |       nodeResolve(),

      at Object.defaultOnWarn [as onwarn] (node_modules/rollup/dist/shared/rollup.js:565:42)
      at Object.warn (node_modules/rollup/dist/shared/rollup.js:22745:21)
      at emitDiagnostic (node_modules/@rollup/plugin-typescript/dist/index.js:543:17)
      at reportDiagnostics (node_modules/@rollup/plugin-typescript/dist/index.js:548:9)
          at Array.forEach (<anonymous>)
      at emitFilesAndReportErrors (node_modules/typescript/lib/typescript.js:126138:21)
      at Object.result.afterProgramCreate (node_modules/typescript/lib/typescript.js:126329:13)
      at Object.afterProgramCreate (node_modules/@rollup/plugin-typescript/dist/index.js:703:29)
      at synchronizeProgram (node_modules/typescript/lib/typescript.js:126639:22)
      at Object.createWatchProgram (node_modules/typescript/lib/typescript.js:126556:9)
      at createWatchProgram (node_modules/@rollup/plugin-typescript/dist/index.js:717:15)
      at Object.buildStart (node_modules/@rollup/plugin-typescript/dist/index.js:777:27)
      at node_modules/rollup/dist/shared/rollup.js:22909:40
          at async Promise.all (index 1)
      at async PluginDriver.hookParallel (node_modules/rollup/dist/shared/rollup.js:22837:9)
      at async /home/student.unimelb.edu.au/juntaochen/agent-bc/papers/agent-dep-upgrade/code/bbc-rebuild/work-F1/wk-2e0cab80279d/src/node_modules/rollup/dist/shared/rollup.js:23797:13
      at async catchUnfinishedHookActions (node_modules/rollup/dist/shared/rollup.js:23277:20)
      at async rollupInternal (node_modules/rollup/dist/shared/rollup.js:23795:5)
      at async buildSprite (tests/index.test.ts:14:21)
      at async Object.<anonymous> (tests/index.test.ts:104:5)

  console.warn
    @rollup/plugin-typescript TS2345: Argument of type 'T[Extract<keyof T, string>] | undefined' is not assignable to parameter of type 'Partial<(Partial<T>[Extract<keyof T, string>] & object) | (Partial<T>[Extract<keyof T, string>] & null)> | undefined'.
      Type 'T[Extract<keyof T, string>]' is not assignable to type 'Partial<(Partial<T>[Extract<keyof T, string>] & object) | (Partial<T>[Extract<keyof T, string>] & null)> | undefined'.
        Type 'T[string]' is not assignable to type 'Partial<(Partial<T>[Extract<keyof T, string>] & object) | (Partial<T>[Extract<keyof T, string>] & null)> | undefined'.

      12 |
      13 | async function buildSprite(pluginOptions?: PluginOptions, inputOptions?: InputOptions) {
    > 14 |   const { write } = await rollup({
         |                     ^
      15 |     input: "./emptyInput.ts",
      16 |     plugins: [
      17 |       nodeResolve(),

      at Object.defaultOnWarn [as onwarn] (node_modules/rollup/dist/shared/rollup.js:565:42)
      at Object.warn (node_modules/rollup/dist/shared/rollup.js:22745:21)
      at emitDiagnostic (node_modules/@rollup/plugin-typescript/dist/index.js:543:17)
      at reportDiagnostics (node_modules/@rollup/plugin-typescript/dist/index.js:548:9)
          at Array.forEach (<anonymous>)
      at emitFilesAndReportErrors (node_modules/typescript/lib/typescript.js:126138:21)
      at Object.result.afterProgramCreate (node_modules/typescript/lib/typescript.js:126329:13)
      at Object.afterProgramCreate (node_modules/@rollup/plugin-typescript/dist/index.js:703:29)
      at synchronizeProgram (node_modules/typescript/lib/typescript.js:126639:22)
      at Object.createWatchProgram (node_modules/typescript/lib/typescript.js:126556:9)
      at createWatchProgram (node_modules/@rollup/plugin-typescript/dist/index.js:717:15)
      at Object.buildStart (node_modules/@rollup/plugin-typescript/dist/index.js:777:27)
      at node_modules/rollup/dist/shared/rollup.js:22909:40
          at async Promise.all (index 1)
      at async PluginDriver.hookParallel (node_modules/rollup/dist/shared/rollup.js:22837:9)
      at async /home/student.unimelb.edu.au/juntaochen/agent-bc/papers/agent-dep-upgrade/code/bbc-rebuild/work-F1/wk-2e0cab80279d/src/node_modules/rollup/dist/shared/rollup.js:23797:13
      at async catchUnfinishedHookActions (node_modules/rollup/dist/shared/rollup.js:23277:20)
      at async rollupInternal (node_modules/rollup/dist/shared/rollup.js:23795:5)
      at async buildSprite (tests/index.test.ts:14:21)
      at async Object.<anonymous> (tests/index.test.ts:104:5)

  console.warn
    @rollup/plugin-typescript TS2322: Type '(Partial<T>[Extract<keyof T, string>] & object) | (Partial<T>[Extract<keyof T, string>] & null)' is not assignable to type 'T[Extract<keyof T, string>] | undefined'.
      Type 'Partial<T>[Extract<keyof T, string>] & object' is not assignable to type 'T[Extract<keyof T, string>] | undefined'.

      12 |
      13 | async function buildSprite(pluginOptions?: PluginOptions, inputOptions?: InputOptions) {
    > 14 |   const { write } = await rollup({
         |                     ^
      15 |     input: "./emptyInput.ts",
      16 |     plugins: [
      17 |       nodeResolve(),

      at Object.defaultOnWarn [as onwarn] (node_modules/rollup/dist/shared/rollup.js:565:42)
      at Object.warn (node_modules/rollup/dist/shared/rollup.js:22745:21)
      at emitDiagnostic (node_modules/@rollup/plugin-typescript/dist/index.js:543:17)
      at reportDiagnostics (node_modules/@rollup/plugin-typescript/dist/index.js:548:9)
          at Array.forEach (<anonymous>)
      at emitFilesAndReportErrors (node_modules/typescript/lib/typescript.js:126138:21)
      at Object.result.afterProgramCreate (node_modules/typescript/lib/typescript.js:126329:13)
      at Object.afterProgramCreate (node_modules/@rollup/plugin-typescript/dist/index.js:703:29)
      at synchronizeProgram (node_modules/typescript/lib/typescript.js:126639:22)
      at Object.createWatchProgram (node_modules/typescript/lib/typescript.js:126556:9)
      at createWatchProgram (node_modules/@rollup/plugin-typescript/dist/index.js:717:15)
      at Object.buildStart (node_modules/@rollup/plugin-typescript/dist/index.js:777:27)
      at node_modules/rollup/dist/shared/rollup.js:22909:40
          at async Promise.all (index 1)
      at async PluginDriver.hookParallel (node_modules/rollup/dist/shared/rollup.js:22837:9)
      at async /home/student.unimelb.edu.au/juntaochen/agent-bc/papers/agent-dep-upgrade/code/bbc-rebuild/work-F1/wk-2e0cab80279d/src/node_modules/rollup/dist/shared/rollup.js:23797:13
      at async catchUnfinishedHookActions (node_modules/rollup/dist/shared/rollup.js:23277:20)
      at async rollupInternal (node_modules/rollup/dist/shared/rollup.js:23795:5)
      at async buildSprite (tests/index.test.ts:14:21)
      at async Object.<anonymous> (tests/index.test.ts:110:5)

  console.warn
    @rollup/plugin-typescript TS2345: Argument of type 'T[Extract<keyof T, string>] | undefined' is not assignable to parameter of type 'Partial<(Partial<T>[Extract<keyof T, string>] & object) | (Partial<T>[Extract<keyof T, string>] & null)> | undefined'.
      Type 'T[Extract<keyof T, string>]' is not assignable to type 'Partial<(Partial<T>[Extract<keyof T, string>] & object) | (Partial<T>[Extract<keyof T, string>] & null)> | undefined'.
        Type 'T[string]' is not assignable to type 'Partial<(Partial<T>[Extract<keyof T, string>] & object) | (Partial<T>[Extract<keyof T, string>] & null)> | undefined'.

      12 |
      13 | async function buildSprite(pluginOptions?: PluginOptions, inputOptions?: InputOptions) {
    > 14 |   const { write } = await rollup({
         |                     ^
      15 |     input: "./emptyInput.ts",
      16 |     plugins: [
      17 |       nodeResolve(),

      at Object.defaultOnWarn [as onwarn] (node_modules/rollup/dist/shared/rollup.js:565:42)
      at Object.warn (node_modules/rollup/dist/shared/rollup.js:22745:21)
      at emitDiagnostic (node_modules/@rollup/plugin-typescript/dist/index.js:543:17)
      at reportDiagnostics (node_modules/@rollup/plugin-typescript/dist/index.js:548:9)
          at Array.forEach (<anonymous>)
      at emitFilesAndReportErrors (node_modules/typescript/lib/typescript.js:126138:21)
      at Object.result.afterProgramCreate (node_modules/typescript/lib/typescript.js:126329:13)
      at Object.afterProgramCreate (node_modules/@rollup/plugin-typescript/dist/index.js:703:29)
      at synchronizeProgram (node_modules/typescript/lib/typescript.js:126639:22)
      at Object.createWatchProgram (node_modules/typescript/lib/typescript.js:126556:9)
      at createWatchProgram (node_modules/@rollup/plugin-typescript/dist/index.js:717:15)
      at Object.buildStart (node_modules/@rollup/plugin-typescript/dist/index.js:777:27)
      at node_modules/rollup/dist/shared/rollup.js:22909:40
          at async Promise.all (index 1)
      at async PluginDriver.hookParallel (node_modules/rollup/dist/shared/rollup.js:22837:9)
      at async /home/student.unimelb.edu.au/juntaochen/agent-bc/papers/agent-dep-upgrade/code/bbc-rebuild/work-F1/wk-2e0cab80279d/src/node_modules/rollup/dist/shared/rollup.js:23797:13
      at async catchUnfinishedHookActions (node_modules/rollup/dist/shared/rollup.js:23277:20)
      at async rollupInternal (node_modules/rollup/dist/shared/rollup.js:23795:5)
      at async buildSprite (tests/index.test.ts:14:21)
      at async Object.<anonymous> (tests/index.test.ts:110:5)

PASS tests/index.test.ts
  extract
    ✓ extract (1366 ms)
    ✓ inline (942 ms)

---------------------|---------|----------|---------|---------|------------------------------------
File                 | % Stmts | % Branch | % Funcs | % Lines | Uncovered Line #s                  
---------------------|---------|----------|---------|---------|------------------------------------
All files            |   78.94 |    54.45 |   83.87 |    78.8 |                                    
 src                 |   78.89 |    52.11 |   80.76 |    78.7 |                                    
  buildSprite.ts     |    82.6 |       30 |   69.23 |    82.6 | 34-42,62                           
  index.ts           |   65.38 |    55.31 |   83.33 |   65.38 | 51-54,78,96-98,109,119-125,134-137 
  serializeSprite.ts |   97.05 |    57.14 |     100 |   96.96 | 28                                 
 src/extract         |     100 |      100 |     100 |     100 |                                    
  defaultOptions.ts  |     100 |      100 |     100 |     100 |                                    
 src/inline          |     100 |      100 |     100 |     100 |                                    
  defaultOptions.ts  |     100 |      100 |     100 |     100 |                                    
  index.ts           |       0 |        0 |       0 |       0 |                                    
  inline.ts          |     100 |      100 |     100 |     100 |                                    
 src/utils           |      75 |    53.84 |     100 |      75 |                                    
  exportSymbol.ts    |   88.88 |    66.66 |     100 |   88.88 | 12                                 
  index.ts           |       0 |        0 |       0 |       0 |                                    
  interpolateName.ts |      40 |    16.66 |     100 |      40 | 12-21                              
  isSVG.ts           |      75 |       50 |     100 |      75 | 4                                  
  mergeOptions.ts    |   91.66 |    66.66 |     100 |   91.66 | 8                                  
  namespace.ts       |     100 |      100 |     100 |     100 |                                    
---------------------|---------|----------|---------|---------|------------------------------------
Test Suites: 1 passed, 1 total
Tests:       2 passed, 2 total
Snapshots:   0 total
Time:        3.221 s
Ran all test suites.
STATE-FIXED rc=0
