
> body-parser-xml@2.0.5 test
> prettier --check . && mocha test.js

Checking formatting...
All matched files use Prettier code style!


  XML Body Parser
    ✓ should parse a body with content-type application/xml
    ✓ should parse a body with content-type text/xml
    ✓ should parse a body with content-type application/rss+xml
    ✓ should accept xmlParseOptions
    ✓ should accept custom ContentType as array
    ✓ should accept custom ContentType as string
    ✓ should accept custom ContentType as function
    1) should ignore non-XML
    ✓ should reject invalid XML
    ✓ should not throw an exception after the callback is returned
    ✓ should not set/change prototype using __proto__
    ✓ should not set/change using prototype
    ✓ should not set/change using constructor


  12 passing (55ms)
  1 failing

  1) XML Body Parser
       should ignore non-XML:

      Error: expected { parsed: {} } response body, got {}
      + expected - actual

      -{}
      +{
      +  "parsed": {}
      +}
      
      at Context.<anonymous> (test.js:112:8)
      at process.processImmediate (node:internal/timers:476:21)
  ----
      at error (node_modules/supertest/lib/test.js:335:15)
      at Test._assertBody (node_modules/supertest/lib/test.js:193:16)
      at /w/node_modules/supertest/lib/test.js:308:13
      at Test._assertFunction (node_modules/supertest/lib/test.js:285:13)
      at Test.assert (node_modules/supertest/lib/test.js:164:23)
      at Server.localAssert (node_modules/supertest/lib/test.js:120:14)
      at Object.onceWrapper (node:events:631:28)
      at Server.emit (node:events:517:28)
      at emitCloseNT (node:net:2221:8)
      at process.processTicksAndRejections (node:internal/process/task_queues:81:21)



STATE-NEW rc=1
