
> lowdb@0.11.5 test /w
> babel-node test/all && standard

TAP version 13
# file-async
ok 1 should be equivalent
ok 2 should be equivalent
# serializer/deserializer
ok 3 should be equivalent
ok 4 should be truthy
ok 5 should be truthy
# file-sync
ok 6 should be equivalent
ok 7 should be equivalent
# serializer/deserializer
ok 8 should be equivalent
ok 9 should be truthy
ok 10 should be truthy
# browser
ok 11 should be equivalent
ok 12 should be equivalent
# operations
not ok 13 should be equal
  ---
    operator: equal
    expected: |-
      1
    actual: |-
      LodashWrapper { __wrapped__: [], __actions__: [ { func: [Function: size], args: {}, thisArg: [Function: lodash] { templateSettings: { escape: [Object], evaluate: [Object], interpolate: [Object], variable: '', imports: [Object] }, after: [Function: after], ary: [Function: ary], assign: [Function (anonymous)], assignIn: [Function (anonymous)], assignInWith: [Function (anonymous)], assignWith: [Function (anonymous)], at: [Function (anonymous)], before: [Function: before], bind: [Function (anonymous)] { placeholder: [Circular] }, bindAll: [Function (anonymous)], bindKey: [Function (anonymous)] { placeholder: [Circular] }, castArray: [Function: castArray], chain: [Function: chain], chunk: [Function: chunk], compact: [Function: compact], concat: [Function: concat], cond: [Function: cond], conforms: [Function: conforms], constant: [Function: constant], countBy: [Function (anonymous)], create: [Function: create], curry: [Function: curry] { placeholder: [Circular] }, curryRight: [Function: curryRight] { placeholder: [Circular] }, debounce: [Function: debounce], defaults: [Function (anonymous)], defaultsDeep: [Function (anonymous)], defer: [Function (anonymous)], delay: [Function (anonymous)], difference: [Function (anonymous)], differenceBy: [Function (anonymous)], differenceWith: [Function (anonymous)], drop: [Function: drop], dropRight: [Function: dropRight], dropRightWhile: [Function: dropRightWhile], dropWhile: [Function: dropWhile], fill: [Function: fill], filter: [Function: filter], flatMap: [Function: flatMap], flatMapDeep: [Function: flatMapDeep], flatMapDepth: [Function: flatMapDepth], flatten: [Function: flatten], flattenDeep: [Function: flattenDeep], flattenDepth: [Function: flattenDepth], flip: [Function: flip], flow: [Function (anonymous)], flowRight: [Function (anonymous)], fromPairs: [Function: fromPairs], functions: [Function: functions], functionsIn: [Function: functionsIn], groupBy: [Function (anonymous)], initial: [Function: initial], intersection: [Function (anonymous)], intersectionBy: [Function (anonymous)], intersectionWith: [Function (anonymous)], invert: [Function (anonymous)], invertBy: [Function (anonymous)], invokeMap: [Function (anonymous)], iteratee: [Function: iteratee], keyBy: [Function (anonymous)], keys: [Function: keys], keysIn: [Function: keysIn], map: [Function: map], mapKeys: [Function: mapKeys], mapValues: [Function: mapValues], matches: [Function: matches], matchesProperty: [Function: matchesProperty], memoize: [Function: memoize] { Cache: [Function: MapCache] }, merge: [Function (anonymous)], mergeWith: [Function (anonymous)], method: [Function (anonymous)], methodOf: [Function (anonymous)], mixin: [Function: mixin], negate: [Function: negate], nthArg: [Function: nthArg], omit: [Function (anonymous)], omitBy: [Function: omitBy], once: [Function: once], orderBy: [Function: orderBy], over: [Function (anonymous)], overArgs: [Function (anonymous)], overEvery: [Function (anonymous)], overSome: [Function (anonymous)], partial: [Function (anonymous)] { placeholder: [Circular] }, partialRight: [Function (anonymous)] { placeholder: [Circular] }, partition: [Function (anonymous)], pick: [Function (anonymous)], pickBy: [Function: pickBy], property: [Function: property], propertyOf: [Function: propertyOf], pull: [Function (anonymous)], pullAll: [Function: pullAll], pullAllBy: [Function: pullAllBy], pullAllWith: [Function: pullAllWith], pullAt: [Function (anonymous)], range: [Function (anonymous)], rangeRight: [Function (anonymous)], rearg: [Function (anonymous)], reject: [Function: reject], remove: [Function: remove], rest: [Function: rest], reverse: [Function: reverse], sampleSize: [Function: sampleSize], set: [Function: set], setWith: [Function: setWith], shuffle: [Function: shuffle], slice: [Function: slice], sortBy: [Function (anonymous)], sortedUniq: [Function: sortedUniq], sortedUniqBy: [Function: sortedUniqBy], split: [Function: split], spread: [Function: spread], tail: [Function: tail], take: [Function: take], takeRight: [Function: takeRight], takeRightWhile: [Function: takeRightWhile], takeWhile: [Function: takeWhile], tap: [Function: tap], throttle: [Function: throttle], thru: [Function: thru], toArray: [Function: toArray], toPairs: [Function (anonymous)], toPairsIn: [Function (anonymous)], toPath: [Function: toPath], toPlainObject: [Function: toPlainObject], transform: [Function: transform], unary: [Function: unary], union: [Function (anonymous)], unionBy: [Function (anonymous)], unionWith: [Function (anonymous)], uniq: [Function: uniq], uniqBy: [Function: uniqBy], uniqWith: [Function: uniqWith], unset: [Function: unset], unzip: [Function: unzip], unzipWith: [Function: unzipWith], update: [Function: update], updateWith: [Function: updateWith], values: [Function: values], valuesIn: [Function: valuesIn], without: [Function (anonymous)], words: [Function: words], wrap: [Function: wrap], xor: [Function (anonymous)], xorBy: [Function (anonymous)], xorWith: [Function (anonymous)], zip: [Function (anonymous)], zipObject: [Function: zipObject], zipObjectDeep: [Function: zipObjectDeep], zipWith: [Function (anonymous)], entries: [Function (anonymous)], entriesIn: [Function (anonymous)], extend: [Function (anonymous)], extendWith: [Function (anonymous)], add: [Function (anonymous)], attempt: [Function (anonymous)], camelCase: [Function (anonymous)], capitalize: [Function: capitalize], ceil: [Function (anonymous)], clamp: [Function: clamp], clone: [Function: clone], cloneDeep: [Function: cloneDeep], cloneDeepWith: [Function: cloneDeepWith], cloneWith: [Function: cloneWith], conformsTo: [Function: conformsTo], deburr: [Function: deburr], defaultTo: [Function: defaultTo], divide: [Function (anonymous)], endsWith: [Function: endsWith], eq: [Function: eq], escape: [Function: escape], escapeRegExp: [Function: escapeRegExp], every: [Function: every], find: [Function (anonymous)], findIndex: [Function: findIndex], findKey: [Function: findKey], findLast: [Function (anonymous)], findLastIndex: [Function: findLastIndex], findLastKey: [Function: findLastKey], floor: [Function (anonymous)], forEach: [Function: forEach], forEachRight: [Function: forEachRight], forIn: [Function: forIn], forInRight: [Function: forInRight], forOwn: [Function: forOwn], forOwnRight: [Function: forOwnRight], get: [Function: get], gt: [Function (anonymous)], gte: [Function (anonymous)], has: [Function: has], hasIn: [Function: hasIn], head: [Function: head], identity: [Function: identity], includes: [Function: includes], indexOf: [Function: indexOf], inRange: [Function: inRange], invoke: [Function (anonymous)], isArguments: [Function: baseIsArguments], isArray: [Function: isArray], isArrayBuffer: [Function (anonymous)], isArrayLike: [Function: isArrayLike], isArrayLikeObject: [Function: isArrayLikeObject], isBoolean: [Function: isBoolean], isBuffer: [Function: isBuffer], isDate: [Function (anonymous)], isElement: [Function: isElement], isEmpty: [Function: isEmpty], isEqual: [Function: isEqual], isEqualWith: [Function: isEqualWith], isError: [Function: isError], isFinite: [Function: isFinite], isFunction: [Function: isFunction], isInteger: [Function: isInteger], isLength: [Function: isLength], isMap: [Function (anonymous)], isMatch: [Function: isMatch], isMatchWith: [Function: isMatchWith], isNaN: [Function: isNaN], isNative: [Function: isNative], isNil: [Function: isNil], isNull: [Function: isNull], isNumber: [Function: isNumber], isObject: [Function: isObject], isObjectLike: [Function: isObjectLike], isPlainObject: [Function: isPlainObject], isRegExp: [Function (anonymous)], isSafeInteger: [Function: isSafeInteger], isSet: [Function (anonymous)], isString: [Function: isString], isSymbol: [Function: isSymbol], isTypedArray: [Function (anonymous)], isUndefined: [Function: isUndefined], isWeakMap: [Function: isWeakMap], isWeakSet: [Function: isWeakSet], join: [Function: join], kebabCase: [Function (anonymous)], last: [Function: last], lastIndexOf: [Function: lastIndexOf], lowerCase: [Function (anonymous)], lowerFirst: [Function (anonymous)], lt: [Function (anonymous)], lte: [Function (anonymous)], max: [Function: max], maxBy: [Function: maxBy], mean: [Function: mean], meanBy: [Function: meanBy], min: [Function: min], minBy: [Function: minBy], stubArray: [Function: stubArray], stubFalse: [Function: stubFalse], stubObject: [Function: stubObject], stubString: [Function: stubString], stubTrue: [Function: stubTrue], multiply: [Function (anonymous)], nth: [Function: nth], noConflict: [Function: noConflict], noop: [Function: noop], now: [Function (anonymous)], pad: [Function: pad], padEnd: [Function: padEnd], padStart: [Function: padStart], parseInt: [Function: parseInt], random: [Function: random], reduce: [Function: reduce], reduceRight: [Function: reduceRight], repeat: [Function: repeat], replace: [Function: replace], result: [Function: result], round: [Function (anonymous)], runInContext: [Function: runInContext], sample: [Function: sample], size: [Function: size], snakeCase: [Function (anonymous)], some: [Function: some], sortedIndex: [Function: sortedIndex], sortedIndexBy: [Function: sortedIndexBy], sortedIndexOf: [Function: sortedIndexOf], sortedLastIndex: [Function: sortedLastIndex], sortedLastIndexBy: [Function: sortedLastIndexBy], sortedLastIndexOf: [Function: sortedLastIndexOf], startCase: [Function (anonymous)], startsWith: [Function: startsWith], subtract: [Function (anonymous)], sum: [Function: sum], sumBy: [Function: sumBy], template: [Function: template], times: [Function: times], toFinite: [Function: toFinite], toInteger: [Function: toInteger], toLength: [Function: toLength], toLower: [Function: toLower], toNumber: [Function: toNumber], toSafeInteger: [Function: toSafeInteger], toString: [Function: toString], toUpper: [Function: toUpper], trim: [Function: trim], trimEnd: [Function: trimEnd], trimStart: [Function: trimStart], truncate: [Function: truncate], unescape: [Function: unescape], uniqueId: [Function: uniqueId], upperCase: [Function (anonymous)], upperFirst: [Function (anonymous)], each: [Function: forEach], eachRight: [Function: forEachRight], first: [Function: head], VERSION: '4.17.21' } } ], __chain__: true, __index__: 0, __values__: undefined }
    at: Test.<anonymous> (/w/test/operations.js:9:5)
    stack: |-
      Error: should be equal
          at Test.assert [as _assert] (/w/node_modules/tape/lib/test.js:443:48)
          at Test.bound [as _assert] (/w/node_modules/tape/lib/test.js:89:17)
          at Test.equal (/w/node_modules/tape/lib/test.js:604:7)
          at Test.bound (/w/node_modules/tape/lib/test.js:89:17)
          at Test.<anonymous> (/w/test/operations.js:9:5)
          at Test.bound [as _cb] (/w/node_modules/tape/lib/test.js:89:17)
          at Test.run (/w/node_modules/tape/lib/test.js:108:7)
          at Test.bound [as run] (/w/node_modules/tape/lib/test.js:89:17)
          at Immediate.next [as _onImmediate] (/w/node_modules/tape/lib/results.js:151:7)
          at runCallback (timers.js:705:18)
  ...
not ok 14 should be equivalent
  ---
    operator: deepEqual
    expected: |-
      { foo: [ { a: 1 } ] }
    actual: |-
      { foo: [] }
    at: Test.<anonymous> (/w/test/operations.js:10:5)
    stack: |-
      Error: should be equivalent
          at Test.assert [as _assert] (/w/node_modules/tape/lib/test.js:443:48)
          at Test.bound [as _assert] (/w/node_modules/tape/lib/test.js:89:17)
          at Test.tapeDeepEqual (/w/node_modules/tape/lib/test.js:641:7)
          at Test.bound [as same] (/w/node_modules/tape/lib/test.js:89:17)
          at Test.<anonymous> (/w/test/operations.js:10:5)
          at Test.bound [as _cb] (/w/node_modules/tape/lib/test.js:89:17)
          at Test.run (/w/node_modules/tape/lib/test.js:108:7)
          at Test.bound [as run] (/w/node_modules/tape/lib/test.js:89:17)
          at Immediate.next [as _onImmediate] (/w/node_modules/tape/lib/results.js:151:7)
          at runCallback (timers.js:705:18)
  ...
not ok 15 should be equivalent
  ---
    operator: deepEqual
    expected: |-
      { a: 1 }
    actual: |-
      LodashWrapper { __wrapped__: [], __actions__: [ { func: [Function: thru], args: { 0: [Function: interceptor] }, thisArg: [Function: lodash] { templateSettings: { escape: [Object], evaluate: [Object], interpolate: [Object], variable: '', imports: [Object] }, after: [Function: after], ary: [Function: ary], assign: [Function (anonymous)], assignIn: [Function (anonymous)], assignInWith: [Function (anonymous)], assignWith: [Function (anonymous)], at: [Function (anonymous)], before: [Function: before], bind: [Function (anonymous)] { placeholder: [Circular] }, bindAll: [Function (anonymous)], bindKey: [Function (anonymous)] { placeholder: [Circular] }, castArray: [Function: castArray], chain: [Function: chain], chunk: [Function: chunk], compact: [Function: compact], concat: [Function: concat], cond: [Function: cond], conforms: [Function: conforms], constant: [Function: constant], countBy: [Function (anonymous)], create: [Function: create], curry: [Function: curry] { placeholder: [Circular] }, curryRight: [Function: curryRight] { placeholder: [Circular] }, debounce: [Function: debounce], defaults: [Function (anonymous)], defaultsDeep: [Function (anonymous)], defer: [Function (anonymous)], delay: [Function (anonymous)], difference: [Function (anonymous)], differenceBy: [Function (anonymous)], differenceWith: [Function (anonymous)], drop: [Function: drop], dropRight: [Function: dropRight], dropRightWhile: [Function: dropRightWhile], dropWhile: [Function: dropWhile], fill: [Function: fill], filter: [Function: filter], flatMap: [Function: flatMap], flatMapDeep: [Function: flatMapDeep], flatMapDepth: [Function: flatMapDepth], flatten: [Function: flatten], flattenDeep: [Function: flattenDeep], flattenDepth: [Function: flattenDepth], flip: [Function: flip], flow: [Function (anonymous)], flowRight: [Function (anonymous)], fromPairs: [Function: fromPairs], functions: [Function: functions], functionsIn: [Function: functionsIn], groupBy: [Function (anonymous)], initial: [Function: initial], intersection: [Function (anonymous)], intersectionBy: [Function (anonymous)], intersectionWith: [Function (anonymous)], invert: [Function (anonymous)], invertBy: [Function (anonymous)], invokeMap: [Function (anonymous)], iteratee: [Function: iteratee], keyBy: [Function (anonymous)], keys: [Function: keys], keysIn: [Function: keysIn], map: [Function: map], mapKeys: [Function: mapKeys], mapValues: [Function: mapValues], matches: [Function: matches], matchesProperty: [Function: matchesProperty], memoize: [Function: memoize] { Cache: [Function: MapCache] }, merge: [Function (anonymous)], mergeWith: [Function (anonymous)], method: [Function (anonymous)], methodOf: [Function (anonymous)], mixin: [Function: mixin], negate: [Function: negate], nthArg: [Function: nthArg], omit: [Function (anonymous)], omitBy: [Function: omitBy], once: [Function: once], orderBy: [Function: orderBy], over: [Function (anonymous)], overArgs: [Function (anonymous)], overEvery: [Function (anonymous)], overSome: [Function (anonymous)], partial: [Function (anonymous)] { placeholder: [Circular] }, partialRight: [Function (anonymous)] { placeholder: [Circular] }, partition: [Function (anonymous)], pick: [Function (anonymous)], pickBy: [Function: pickBy], property: [Function: property], propertyOf: [Function: propertyOf], pull: [Function (anonymous)], pullAll: [Function: pullAll], pullAllBy: [Function: pullAllBy], pullAllWith: [Function: pullAllWith], pullAt: [Function (anonymous)], range: [Function (anonymous)], rangeRight: [Function (anonymous)], rearg: [Function (anonymous)], reject: [Function: reject], remove: [Function: remove], rest: [Function: rest], reverse: [Function: reverse], sampleSize: [Function: sampleSize], set: [Function: set], setWith: [Function: setWith], shuffle: [Function: shuffle], slice: [Function: slice], sortBy: [Function (anonymous)], sortedUniq: [Function: sortedUniq], sortedUniqBy: [Function: sortedUniqBy], split: [Function: split], spread: [Function: spread], tail: [Function: tail], take: [Function: take], takeRight: [Function: takeRight], takeRightWhile: [Function: takeRightWhile], takeWhile: [Function: takeWhile], tap: [Function: tap], throttle: [Function: throttle], thru: [Function: thru], toArray: [Function: toArray], toPairs: [Function (anonymous)], toPairsIn: [Function (anonymous)], toPath: [Function: toPath], toPlainObject: [Function: toPlainObject], transform: [Function: transform], unary: [Function: unary], union: [Function (anonymous)], unionBy: [Function (anonymous)], unionWith: [Function (anonymous)], uniq: [Function: uniq], uniqBy: [Function: uniqBy], uniqWith: [Function: uniqWith], unset: [Function: unset], unzip: [Function: unzip], unzipWith: [Function: unzipWith], update: [Function: update], updateWith: [Function: updateWith], values: [Function: values], valuesIn: [Function: valuesIn], without: [Function (anonymous)], words: [Function: words], wrap: [Function: wrap], xor: [Function (anonymous)], xorBy: [Function (anonymous)], xorWith: [Function (anonymous)], zip: [Function (anonymous)], zipObject: [Function: zipObject], zipObjectDeep: [Function: zipObjectDeep], zipWith: [Function (anonymous)], entries: [Function (anonymous)], entriesIn: [Function (anonymous)], extend: [Function (anonymous)], extendWith: [Function (anonymous)], add: [Function (anonymous)], attempt: [Function (anonymous)], camelCase: [Function (anonymous)], capitalize: [Function: capitalize], ceil: [Function (anonymous)], clamp: [Function: clamp], clone: [Function: clone], cloneDeep: [Function: cloneDeep], cloneDeepWith: [Function: cloneDeepWith], cloneWith: [Function: cloneWith], conformsTo: [Function: conformsTo], deburr: [Function: deburr], defaultTo: [Function: defaultTo], divide: [Function (anonymous)], endsWith: [Function: endsWith], eq: [Function: eq], escape: [Function: escape], escapeRegExp: [Function: escapeRegExp], every: [Function: every], find: [Function (anonymous)], findIndex: [Function: findIndex], findKey: [Function: findKey], findLast: [Function (anonymous)], findLastIndex: [Function: findLastIndex], findLastKey: [Function: findLastKey], floor: [Function (anonymous)], forEach: [Function: forEach], forEachRight: [Function: forEachRight], forIn: [Function: forIn], forInRight: [Function: forInRight], forOwn: [Function: forOwn], forOwnRight: [Function: forOwnRight], get: [Function: get], gt: [Function (anonymous)], gte: [Function (anonymous)], has: [Function: has], hasIn: [Function: hasIn], head: [Function: head], identity: [Function: identity], includes: [Function: includes], indexOf: [Function: indexOf], inRange: [Function: inRange], invoke: [Function (anonymous)], isArguments: [Function: baseIsArguments], isArray: [Function: isArray], isArrayBuffer: [Function (anonymous)], isArrayLike: [Function: isArrayLike], isArrayLikeObject: [Function: isArrayLikeObject], isBoolean: [Function: isBoolean], isBuffer: [Function: isBuffer], isDate: [Function (anonymous)], isElement: [Function: isElement], isEmpty: [Function: isEmpty], isEqual: [Function: isEqual], isEqualWith: [Function: isEqualWith], isError: [Function: isError], isFinite: [Function: isFinite], isFunction: [Function: isFunction], isInteger: [Function: isInteger], isLength: [Function: isLength], isMap: [Function (anonymous)], isMatch: [Function: isMatch], isMatchWith: [Function: isMatchWith], isNaN: [Function: isNaN], isNative: [Function: isNative], isNil: [Function: isNil], isNull: [Function: isNull], isNumber: [Function: isNumber], isObject: [Function: isObject], isObjectLike: [Function: isObjectLike], isPlainObject: [Function: isPlainObject], isRegExp: [Function (anonymous)], isSafeInteger: [Function: isSafeInteger], isSet: [Function (anonymous)], isString: [Function: isString], isSymbol: [Function: isSymbol], isTypedArray: [Function (anonymous)], isUndefined: [Function: isUndefined], isWeakMap: [Function: isWeakMap], isWeakSet: [Function: isWeakSet], join: [Function: join], kebabCase: [Function (anonymous)], last: [Function: last], lastIndexOf: [Function: lastIndexOf], lowerCase: [Function (anonymous)], lowerFirst: [Function (anonymous)], lt: [Function (anonymous)], lte: [Function (anonymous)], max: [Function: max], maxBy: [Function: maxBy], mean: [Function: mean], meanBy: [Function: meanBy], min: [Function: min], minBy: [Function: minBy], stubArray: [Function: stubArray], stubFalse: [Function: stubFalse], stubObject: [Function: stubObject], stubString: [Function: stubString], stubTrue: [Function: stubTrue], multiply: [Function (anonymous)], nth: [Function: nth], noConflict: [Function: noConflict], noop: [Function: noop], now: [Function (anonymous)], pad: [Function: pad], padEnd: [Function: padEnd], padStart: [Function: padStart], parseInt: [Function: parseInt], random: [Function: random], reduce: [Function: reduce], reduceRight: [Function: reduceRight], repeat: [Function: repeat], replace: [Function: replace], result: [Function: result], round: [Function (anonymous)], runInContext: [Function: runInContext], sample: [Function: sample], size: [Function: size], snakeCase: [Function (anonymous)], some: [Function: some], sortedIndex: [Function: sortedIndex], sortedIndexBy: [Function: sortedIndexBy], sortedIndexOf: [Function: sortedIndexOf], sortedLastIndex: [Function: sortedLastIndex], sortedLastIndexBy: [Function: sortedLastIndexBy], sortedLastIndexOf: [Function: sortedLastIndexOf], startCase: [Function (anonymous)], startsWith: [Function: startsWith], subtract: [Function (anonymous)], sum: [Function: sum], sumBy: [Function: sumBy], template: [Function: template], times: [Function: times], toFinite: [Function: toFinite], toInteger: [Function: toInteger], toLength: [Function: toLength], toLower: [Function: toLower], toNumber: [Function: toNumber], toSafeInteger: [Function: toSafeInteger], toString: [Function: toString], toUpper: [Function: toUpper], trim: [Function: trim], trimEnd: [Function: trimEnd], trimStart: [Function: trimStart], truncate: [Function: truncate], unescape: [Function: unescape], uniqueId: [Function: uniqueId], upperCase: [Function (anonymous)], upperFirst: [Function (anonymous)], each: [Function: forEach], eachRight: [Function: forEachRight], first: [Function: head], VERSION: '4.17.21' } } ], __chain__: true, __index__: 0, __values__: undefined }
    at: Test.<anonymous> (/w/test/operations.js:13:5)
    stack: |-
      Error: should be equivalent
          at Test.assert [as _assert] (/w/node_modules/tape/lib/test.js:443:48)
          at Test.bound [as _assert] (/w/node_modules/tape/lib/test.js:89:17)
          at Test.tapeDeepEqual (/w/node_modules/tape/lib/test.js:641:7)
          at Test.bound [as same] (/w/node_modules/tape/lib/test.js:89:17)
          at Test.<anonymous> (/w/test/operations.js:13:5)
          at Test.bound [as _cb] (/w/node_modules/tape/lib/test.js:89:17)
          at Test.run (/w/node_modules/tape/lib/test.js:108:7)
          at Test.bound [as run] (/w/node_modules/tape/lib/test.js:89:17)
          at Immediate.next [as _onImmediate] (/w/node_modules/tape/lib/results.js:151:7)
          at runCallback (timers.js:705:18)
  ...
not ok 16 should be truthy
  ---
    operator: ok
    expected: true
    actual:   false
    at: Test.<anonymous> (/w/test/operations.js:22:3)
    stack: |-
      Error: should be truthy
          at Test.assert [as _assert] (/w/node_modules/tape/lib/test.js:443:48)
          at Test.bound [as _assert] (/w/node_modules/tape/lib/test.js:89:17)
          at Test.assert (/w/node_modules/tape/lib/test.js:562:7)
          at Test.bound [as true] (/w/node_modules/tape/lib/test.js:89:17)
          at Test.<anonymous> (/w/test/operations.js:22:3)
          at Test.bound [as _cb] (/w/node_modules/tape/lib/test.js:89:17)
          at Test.run (/w/node_modules/tape/lib/test.js:108:7)
          at Test.bound [as run] (/w/node_modules/tape/lib/test.js:89:17)
          at Immediate.next [as _onImmediate] (/w/node_modules/tape/lib/results.js:151:7)
          at runCallback (timers.js:705:18)
  ...
ok 17 should be truthy
# mixin
not ok 18 should be equivalent
  ---
    operator: deepEqual
    expected: [ 'hello world' ]
    actual:   []
    at: Test.<anonymous> (/w/test/mixin.js:8:5)
    stack: |-
      Error: should be equivalent
          at Test.assert [as _assert] (/w/node_modules/tape/lib/test.js:443:48)
          at Test.bound [as _assert] (/w/node_modules/tape/lib/test.js:89:17)
          at Test.tapeDeepEqual (/w/node_modules/tape/lib/test.js:641:7)
          at Test.bound [as same] (/w/node_modules/tape/lib/test.js:89:17)
          at Test.<anonymous> (/w/test/mixin.js:8:5)
          at Test.bound [as _cb] (/w/node_modules/tape/lib/test.js:89:17)
          at Test.run (/w/node_modules/tape/lib/test.js:108:7)
          at Test.bound [as run] (/w/node_modules/tape/lib/test.js:89:17)
          at Immediate.next [as _onImmediate] (/w/node_modules/tape/lib/results.js:151:7)
          at runCallback (timers.js:705:18)
  ...
# write
not ok 19 should be equivalent
  ---
    operator: deepEqual
    expected: |-
      { foo: [ 1 ] }
    actual: |-
      {}
    at: Test.<anonymous> (/w/test/simple.js:15:5)
    stack: |-
      Error: should be equivalent
          at Test.assert [as _assert] (/w/node_modules/tape/lib/test.js:443:48)
          at Test.bound [as _assert] (/w/node_modules/tape/lib/test.js:89:17)
          at Test.tapeDeepEqual (/w/node_modules/tape/lib/test.js:641:7)
          at Test.bound [as same] (/w/node_modules/tape/lib/test.js:89:17)
          at Test.<anonymous> (/w/test/simple.js:15:5)
          at Test.bound [as _cb] (/w/node_modules/tape/lib/test.js:89:17)
          at Test.run (/w/node_modules/tape/lib/test.js:108:7)
          at Test.bound [as run] (/w/node_modules/tape/lib/test.js:89:17)
          at Immediate.next [as _onImmediate] (/w/node_modules/tape/lib/results.js:151:7)
          at runCallback (timers.js:705:18)
  ...
# read
ok 20 should be equivalent
# in-memory
ok 21 should be equal
ok 22 should be equal
ok 23 should be equal
ok 24 should be equal
# sync
ok 25 should be equal
ok 26 should be equal
ok 27 should be equal
ok 28 should be equal
ok 29 should be equal
ok 30 should be equal
ok 31 should be equal
ok 32 should be equivalent
ok 33 should be equal
ok 34 should be equivalent
# promises
not ok 35 should be equal
  ---
    operator: equal
    expected: 'foo'
    actual:   undefined
    at: Test._callee$ (/w/test/index.js:24:9)
    stack: |-
      Error: should be equal
          at Test.assert [as _assert] (/w/node_modules/tape/lib/test.js:443:48)
          at Test.bound [as _assert] (/w/node_modules/tape/lib/test.js:89:17)
          at Test.equal (/w/node_modules/tape/lib/test.js:604:7)
          at Test.bound [as is] (/w/node_modules/tape/lib/test.js:89:17)
          at Test._callee$ (/w/test/index.js:24:9)
          at tryCatch (/w/node_modules/babel-polyfill/node_modules/regenerator-runtime/runtime.js:65:40)
          at Generator.invoke [as _invoke] (/w/node_modules/babel-polyfill/node_modules/regenerator-runtime/runtime.js:303:22)
          at Generator.prototype.(anonymous function) [as next] (/w/node_modules/babel-polyfill/node_modules/regenerator-runtime/runtime.js:117:21)
          at step (/w/test/index.js:5:191)
          at /w/test/index.js:5:361
  ...
ok 36 should be equal
ok 37 should be equal
ok 38 should be equal
ok 39 should be equal
ok 40 should be equal
ok 41 should be equal
ok 42 should be equivalent
ok 43 should be equal
ok 44 should be equivalent
# read-only
ok 45 should be equal
ok 46 should be equal
ok 47 should be equal
ok 48 should be equal
ok 49 should be equal
ok 50 should be equivalent
# write-only
ok 51 should be equal
ok 52 should be equal
ok 53 should be equal
ok 54 should be equal
ok 55 should be equal
ok 56 should be equal
ok 57 should be equal
ok 58 should be equivalent
# writeOnChange = false
ok 59 should be equal
ok 60 should be equal
ok 61 should be equal
ok 62 should be equal
ok 63 should be equal
ok 64 should be equal
ok 65 should be equal
ok 66 should be equivalent

1..66
# tests 66
# pass  59
# fail  7

npm ERR! Test failed.  See above for more details.
STATE-NEW rc=1
