
> speccy@0.11.0 test
> jest --coverage

PASS test/lib/server.test.js
PASS test/lib/rules.test.js
  ● Console

    console.warn lib/rules.js:19
      WARNING: Property 'enabled' is deprecated and will be removed in 1.0.0. Use 'disabled' instead. Found in rule: negatively-enabled-rule

PASS test/lib/config.test.js
(node:138) [DEP0066] DeprecationWarning: OutgoingMessage.prototype._headers is deprecated
(Use `node --trace-deprecation ...` to show where the warning was created)
PASS test/lib/loader.test.js
PASS test/integration/lint.test.js
  ● Console

    console.log node_modules/jest-mock/build/index.js:860
      [32mSpecification is valid, with 0 lint errors[0m
    console.error node_modules/jest-mock/build/index.js:860
      [31mSpecification schema is invalid.[0m
    console.error node_modules/jest-mock/build/index.js:860
      
      [33m#/info/contact
      [0minfo object cannot have additionalProperty: namex
    console.error node_modules/jest-mock/build/index.js:860
      [31mSpecification schema is invalid.[0m
    console.error node_modules/jest-mock/build/index.js:860
      
      [33m#/paths/~1pet/post/requestBody/%24ref
      [0mCannot resolve reference: #/components/requestBodies/Pet
    console.error node_modules/jest-mock/build/index.js:860
      [31mSpecification contains lint errors: 1[0m
    console.warn node_modules/jest-mock/build/index.js:860
      
      [33m#/info [36m R: info-contact [37m D: info object should contain contact object
      [0mexpected Object { version: '1.0.0', title: 'Swagger 2.0 Without Scheme' } to have property contact
      
      More information: https://speccy.io/rules/1-rulesets#info-contact
      
    console.error node_modules/jest-mock/build/index.js:860
      [31mSpecification schema is invalid.[0m
    console.error node_modules/jest-mock/build/index.js:860
      
      [33m#/
      [0mexpected null to be an object
          expected null not to be null (false negative fail)
    console.error node_modules/jest-mock/build/index.js:860
      [31mSpecification schema is invalid.[0m
    console.error node_modules/jest-mock/build/index.js:860
      
      [33m#/info/contact
      [0minfo object cannot have additionalProperty: namex
    console.log node_modules/jest-mock/build/index.js:860
      [32mSpecification is valid, with 0 lint errors[0m

------------|----------|----------|----------|----------|-------------------|
File        |  % Stmts | % Branch |  % Funcs |  % Lines | Uncovered Line #s |
------------|----------|----------|----------|----------|-------------------|
All files   |    88.55 |    73.02 |    95.65 |    89.81 |                   |
 w          |    90.32 |    61.54 |      100 |    90.32 |                   |
  lint.js   |    90.32 |    61.54 |      100 |    90.32 |32,33,36,44,97,125 |
 w/lib      |    87.88 |       76 |    94.59 |    89.61 |                   |
  config.js |    91.67 |    92.86 |      100 |    91.67 |             46,55 |
  loader.js |    83.02 |    61.82 |     91.3 |    85.86 |... 3,94,96,98,133 |
  rules.js  |      100 |    94.12 |      100 |      100 |                30 |
  server.js |      100 |      100 |      100 |      100 |                   |
------------|----------|----------|----------|----------|-------------------|

Test Suites: 5 passed, 5 total
Tests:       37 passed, 37 total
Snapshots:   0 total
Time:        1.862s
Ran all test suites.
STATE-FIXED rc=0
