
> poker-hands@1.0.2 test
> mocha



  poker
    ✓ .highestCard(hand) should return the cards sorted
    ✓ .hasPair(hand) should detect a pair
    ✓ .hasTwoPair(hand) should detect two pairs
    ✓ .hasThreeOfAKind(hand) should detect a three of a kind
    ✓ .hasStraight(hand) should detect a straight
    ✓ .hasFlush(hand) should detect a flush
    ✓ .hasFullHouse(hand) should detect a full house
    ✓ .hasFourOfAKind(hand) should detect a four of a kind
    ✓ .hasStraightFlush(hand) should detect a straight flush
    ✓ .hasRoyalFlush(hand) should detect a Royal flush
    ✓ .getHandStrength(hand) should return the lowest matching bestHands index
    1) .judgeWinner(hands) should return the index of the winning hand


  11 passing (13ms)
  1 failing

  1) poker .judgeWinner(hands) should return the index of the winning hand:

      AssertionError: expected Array [ 0, 0, 1, 0, 1 ] to equal Array [ 1, 0, 1, 0, 0 ] (at '0', A has 0 and B has 1)
      + expected - actual

       [
      +  1
         0
      -  0
         1
         0
      -  1
      +  0
       ]
      
      at Assertion.fail (node_modules/should/lib/assertion.js:180:17)
      at prop.value (node_modules/should/lib/assertion.js:65:17)
      at Context.<anonymous> (test.js:72:47)
      at process.processImmediate (node:internal/timers:491:21)



STATE-NEW rc=1
