........................................................................ [ 50%]
........................................................................ [100%]
=============================== warnings summary ===============================
../.venv/lib/python3.10/site-packages/pydantic/_internal/_config.py:271
../.venv/lib/python3.10/site-packages/pydantic/_internal/_config.py:271
  /work/.venv/lib/python3.10/site-packages/pydantic/_internal/_config.py:271: PydanticDeprecatedSince20: Support for class-based `config` is deprecated, use ConfigDict instead. Deprecated in Pydantic V2.0 to be removed in V3.0. See Pydantic V2 Migration Guide at https://errors.pydantic.dev/2.5/migration/
    warnings.warn(DEPRECATION_MESSAGE, DeprecationWarning)

../.venv/lib/python3.10/site-packages/pydantic/_internal/_config.py:321
  /work/.venv/lib/python3.10/site-packages/pydantic/_internal/_config.py:321: UserWarning: Valid config keys have changed in V2:
  * 'allow_mutation' has been removed
    warnings.warn(message, UserWarning)

komposer/types/cli.py:47
  /work/repo/komposer/types/cli.py:47: PydanticDeprecatedSince20: Pydantic V1 style `@validator` validators are deprecated. You should migrate to Pydantic V2 style `@field_validator` validators, see the migration guide for more details. Deprecated in Pydantic V2.0 to be removed in V3.0. See Pydantic V2 Migration Guide at https://errors.pydantic.dev/2.5/migration/
    @validator("project_name")

komposer/types/cli.py:54
  /work/repo/komposer/types/cli.py:54: PydanticDeprecatedSince20: Pydantic V1 style `@validator` validators are deprecated. You should migrate to Pydantic V2 style `@field_validator` validators, see the migration guide for more details. Deprecated in Pydantic V2.0 to be removed in V3.0. See Pydantic V2 Migration Guide at https://errors.pydantic.dev/2.5/migration/
    @validator("branch_name")

komposer/types/cli.py:60
  /work/repo/komposer/types/cli.py:60: PydanticDeprecatedSince20: Pydantic V1 style `@validator` validators are deprecated. You should migrate to Pydantic V2 style `@field_validator` validators, see the migration guide for more details. Deprecated in Pydantic V2.0 to be removed in V3.0. See Pydantic V2 Migration Guide at https://errors.pydantic.dev/2.5/migration/
    @validator("repository_name")

komposer/utils.py:68: 11 warnings
tests/core/base_test.py: 5 warnings
  /work/repo/komposer/utils.py:68: PydanticDeprecatedSince20: The `json` method is deprecated; use `model_dump_json` instead. Deprecated in Pydantic V2.0 to be removed in V3.0. See Pydantic V2 Migration Guide at https://errors.pydantic.dev/2.5/migration/
    return cast(dict[str, Any], json.loads(type_.json(by_alias=True)))

../.venv/lib/python3.10/site-packages/pydantic/main.py:1005: 11 warnings
tests/core/base_test.py: 5 warnings
  /work/.venv/lib/python3.10/site-packages/pydantic/main.py:1005: PydanticDeprecatedSince20: The `json` method is deprecated; use `model_dump_json` instead. Deprecated in Pydantic V2.0 to be removed in V3.0. See Pydantic V2 Migration Guide at https://errors.pydantic.dev/2.5/migration/
    warnings.warn('The `json` method is deprecated; use `model_dump_json` instead.', DeprecationWarning)

tests/utils_test.py::test_parse_docker_compose_file[Single service with image+ports+env_file]
tests/utils_test.py::test_parse_docker_compose_file[Single service with image+ports+environment as array]
tests/utils_test.py::test_parse_docker_compose_file[Single service with image+ports+environment as map]
tests/utils_test.py::test_parse_docker_compose_file[Single service]
  /work/repo/komposer/utils.py:49: PydanticDeprecatedSince20: The `parse_obj` method is deprecated; use `model_validate` instead. Deprecated in Pydantic V2.0 to be removed in V3.0. See Pydantic V2 Migration Guide at https://errors.pydantic.dev/2.5/migration/
    config = docker_compose.DockerCompose.parse_obj(content)

tests/utils_test.py::test_parse_docker_compose_file[Single service with image+ports+env_file]
tests/utils_test.py::test_parse_docker_compose_file[Single service with image+ports+environment as array]
tests/utils_test.py::test_parse_docker_compose_file[Single service with image+ports+environment as map]
tests/utils_test.py::test_parse_docker_compose_file[Single service]
  /work/.venv/lib/python3.10/site-packages/pydantic/main.py:1026: PydanticDeprecatedSince20: The `parse_obj` method is deprecated; use `model_validate` instead. Deprecated in Pydantic V2.0 to be removed in V3.0. See Pydantic V2 Migration Guide at https://errors.pydantic.dev/2.5/migration/
    warnings.warn('The `parse_obj` method is deprecated; use `model_validate` instead.', DeprecationWarning)

-- Docs: https://docs.pytest.org/en/stable/how-to/capture-warnings.html
144 passed, 46 warnings in 0.21s
