[1m[4m[37mtests/index.test.js[22m[24m[39m
[47m[1m[30m Tests [39m[49m[22m [31m✘ [39m[31m✘ [39m[31m✘ [39m[31m  (0 / 3)
[39m
  [1m[41m FAIL [22m[49m[31m[47m[1m Tests [49m[22m[39m [2m"[22m[31m[1mbasic[39m[22m[2m"[22m
    Exists: /w/tests/to/a/file-a0.txt[3m[2m  (ok)[23m[22m
[90m
    at assert (file:///w/node_modules/uvu/assert/index.mjs:33:8)
    at Module.ok (file:///w/node_modules/uvu/assert/index.mjs:37:2)
    at Object.handler (file:///w/tests/index.test.js:44:12)
    at async Number.runner (file:///w/node_modules/uvu/dist/index.mjs:78:5)
    at async Module.exec (file:///w/node_modules/uvu/dist/index.mjs:141:33)
    at async Module.run (file:///w/node_modules/uvu/run/index.mjs:12:2)
    at async /w/node_modules/uvu/bin.js:26:5[39m


  [1m[41m FAIL [22m[49m[31m[47m[1m Tests [49m[22m[39m [2m"[22m[31m[1mwatch[39m[22m[2m"[22m
    Exists: /w/tests/to/a/file-a0.txt[3m[2m  (ok)[23m[22m
[90m
    at assert (file:///w/node_modules/uvu/assert/index.mjs:33:8)
    at Module.ok (file:///w/node_modules/uvu/assert/index.mjs:37:2)
    at Object.handler (file:///w/tests/index.test.js:93:14)
    at async Number.runner (file:///w/node_modules/uvu/dist/index.mjs:78:5)
    at async Module.exec (file:///w/node_modules/uvu/dist/index.mjs:141:33)
    at async Module.run (file:///w/node_modules/uvu/run/index.mjs:12:2)
    at async /w/node_modules/uvu/bin.js:26:5[39m


  [1m[41m FAIL [22m[49m[31m[47m[1m Tests [49m[22m[39m [2m"[22m[31m[1mwatch forceCopyOnRebuild[39m[22m[2m"[22m
    Exists: /w/tests/to/a/file-a0.txt[3m[2m  (ok)[23m[22m
[90m
    at assert (file:///w/node_modules/uvu/assert/index.mjs:33:8)
    at Module.ok (file:///w/node_modules/uvu/assert/index.mjs:37:2)
    at Object.handler (file:///w/tests/index.test.js:151:14)
    at async Number.runner (file:///w/node_modules/uvu/dist/index.mjs:78:5)
    at async Module.exec (file:///w/node_modules/uvu/dist/index.mjs:141:33)
    at async Module.run (file:///w/node_modules/uvu/run/index.mjs:12:2)
    at async /w/node_modules/uvu/bin.js:26:5[39m



  Total:     3[31m
  Passed:    0[39m
  Skipped:   0
  Duration:  6073.28ms

STATE-NEW rc=1
