
> hubot-coffeepoll@1.1.3 test
> mocha --compilers coffee:coffee-script



  coffeepoll
[Fri Jul 31 2026 23:25:40 GMT+1000 (Australian Eastern Standard Time)] INFO /home/student.unimelb.edu.au/juntaochen/agent-bc/papers/agent-dep-upgrade/code/bbc-rebuild/work-F1/wk-a5f8bacb26c4/src/src/coffeepoll.js is using deprecated documentation syntax
    ✓ shows all commands
[Fri Jul 31 2026 23:25:40 GMT+1000 (Australian Eastern Standard Time)] INFO /home/student.unimelb.edu.au/juntaochen/agent-bc/papers/agent-dep-upgrade/code/bbc-rebuild/work-F1/wk-a5f8bacb26c4/src/src/coffeepoll.js is using deprecated documentation syntax
    ✓ tries to set a radius with something that is not a number
[Fri Jul 31 2026 23:25:40 GMT+1000 (Australian Eastern Standard Time)] INFO /home/student.unimelb.edu.au/juntaochen/agent-bc/papers/agent-dep-upgrade/code/bbc-rebuild/work-F1/wk-a5f8bacb26c4/src/src/coffeepoll.js is using deprecated documentation syntax
    ✓ tries to set a radius with a not valid number
[Fri Jul 31 2026 23:25:40 GMT+1000 (Australian Eastern Standard Time)] INFO /home/student.unimelb.edu.au/juntaochen/agent-bc/papers/agent-dep-upgrade/code/bbc-rebuild/work-F1/wk-a5f8bacb26c4/src/src/coffeepoll.js is using deprecated documentation syntax
    ✓ configure search radius
[Fri Jul 31 2026 23:25:40 GMT+1000 (Australian Eastern Standard Time)] INFO /home/student.unimelb.edu.au/juntaochen/agent-bc/papers/agent-dep-upgrade/code/bbc-rebuild/work-F1/wk-a5f8bacb26c4/src/src/coffeepoll.js is using deprecated documentation syntax
    ✓ rounds search radius
[Fri Jul 31 2026 23:25:40 GMT+1000 (Australian Eastern Standard Time)] INFO /home/student.unimelb.edu.au/juntaochen/agent-bc/papers/agent-dep-upgrade/code/bbc-rebuild/work-F1/wk-a5f8bacb26c4/src/src/coffeepoll.js is using deprecated documentation syntax
    ✓ starts with a default radius configured
[Fri Jul 31 2026 23:25:40 GMT+1000 (Australian Eastern Standard Time)] INFO /home/student.unimelb.edu.au/juntaochen/agent-bc/papers/agent-dep-upgrade/code/bbc-rebuild/work-F1/wk-a5f8bacb26c4/src/src/coffeepoll.js is using deprecated documentation syntax
    ✓ starts with a default place configured
[Fri Jul 31 2026 23:25:40 GMT+1000 (Australian Eastern Standard Time)] INFO /home/student.unimelb.edu.au/juntaochen/agent-bc/papers/agent-dep-upgrade/code/bbc-rebuild/work-F1/wk-a5f8bacb26c4/src/src/coffeepoll.js is using deprecated documentation syntax
    ✓ configure a place near
[Fri Jul 31 2026 23:25:40 GMT+1000 (Australian Eastern Standard Time)] INFO /home/student.unimelb.edu.au/juntaochen/agent-bc/papers/agent-dep-upgrade/code/bbc-rebuild/work-F1/wk-a5f8bacb26c4/src/src/coffeepoll.js is using deprecated documentation syntax
    ✓ tries to vote without a poll
[Fri Jul 31 2026 23:25:40 GMT+1000 (Australian Eastern Standard Time)] INFO /home/student.unimelb.edu.au/juntaochen/agent-bc/papers/agent-dep-upgrade/code/bbc-rebuild/work-F1/wk-a5f8bacb26c4/src/src/coffeepoll.js is using deprecated documentation syntax
    ✓ tries to finish a poll without start one
[Fri Jul 31 2026 23:25:40 GMT+1000 (Australian Eastern Standard Time)] INFO /home/student.unimelb.edu.au/juntaochen/agent-bc/papers/agent-dep-upgrade/code/bbc-rebuild/work-F1/wk-a5f8bacb26c4/src/src/coffeepoll.js is using deprecated documentation syntax
    ✓ tries to verify the partial without a poll
    api returning a error
[Fri Jul 31 2026 23:25:40 GMT+1000 (Australian Eastern Standard Time)] INFO /home/student.unimelb.edu.au/juntaochen/agent-bc/papers/agent-dep-upgrade/code/bbc-rebuild/work-F1/wk-a5f8bacb26c4/src/src/coffeepoll.js is using deprecated documentation syntax
(node:2841133) [DEP0066] DeprecationWarning: OutgoingMessage.prototype._headers is deprecated
(Use `node --trace-deprecation ...` to show where the warning was created)
      ✓ tries to start a poll in a place with no shops nearby
    with a poll started
[Fri Jul 31 2026 23:25:40 GMT+1000 (Australian Eastern Standard Time)] INFO /home/student.unimelb.edu.au/juntaochen/agent-bc/papers/agent-dep-upgrade/code/bbc-rebuild/work-F1/wk-a5f8bacb26c4/src/src/coffeepoll.js is using deprecated documentation syntax
      ✓ saves 3 location samples
[Fri Jul 31 2026 23:25:40 GMT+1000 (Australian Eastern Standard Time)] INFO /home/student.unimelb.edu.au/juntaochen/agent-bc/papers/agent-dep-upgrade/code/bbc-rebuild/work-F1/wk-a5f8bacb26c4/src/src/coffeepoll.js is using deprecated documentation syntax
      ✓ counts the votes
[Fri Jul 31 2026 23:25:41 GMT+1000 (Australian Eastern Standard Time)] INFO /home/student.unimelb.edu.au/juntaochen/agent-bc/papers/agent-dep-upgrade/code/bbc-rebuild/work-F1/wk-a5f8bacb26c4/src/src/coffeepoll.js is using deprecated documentation syntax
      ✓ tries to vote twice
[Fri Jul 31 2026 23:25:41 GMT+1000 (Australian Eastern Standard Time)] INFO /home/student.unimelb.edu.au/juntaochen/agent-bc/papers/agent-dep-upgrade/code/bbc-rebuild/work-F1/wk-a5f8bacb26c4/src/src/coffeepoll.js is using deprecated documentation syntax
      ✓ tries to start another poll before finish it
[Fri Jul 31 2026 23:25:41 GMT+1000 (Australian Eastern Standard Time)] INFO /home/student.unimelb.edu.au/juntaochen/agent-bc/papers/agent-dep-upgrade/code/bbc-rebuild/work-F1/wk-a5f8bacb26c4/src/src/coffeepoll.js is using deprecated documentation syntax
      ✓ tries to vote in a option that does not exist
[Fri Jul 31 2026 23:25:41 GMT+1000 (Australian Eastern Standard Time)] INFO /home/student.unimelb.edu.au/juntaochen/agent-bc/papers/agent-dep-upgrade/code/bbc-rebuild/work-F1/wk-a5f8bacb26c4/src/src/coffeepoll.js is using deprecated documentation syntax
      ✓ finishes the poll
      and finished
[Fri Jul 31 2026 23:25:41 GMT+1000 (Australian Eastern Standard Time)] INFO /home/student.unimelb.edu.au/juntaochen/agent-bc/papers/agent-dep-upgrade/code/bbc-rebuild/work-F1/wk-a5f8bacb26c4/src/src/coffeepoll.js is using deprecated documentation syntax
        ✓ cleans out the poll data


  19 passing (2s)

STATE-OLD rc=0
